                              1 ;--------------------------------------------------------
                              2 ; File Created by SDCC : free open source ANSI-C Compiler
                              3 ; Version 3.8.0 #10562 (Mac OS X x86_64)
                              4 ;--------------------------------------------------------
                              5 	.module test
                              6 	.optsdcc -mgbz80
                              7 	
                              8 ;--------------------------------------------------------
                              9 ; Public variables in this module
                             10 ;--------------------------------------------------------
                             11 	.globl _main
                             12 	.globl _gprint
                             13 ;--------------------------------------------------------
                             14 ; special function registers
                             15 ;--------------------------------------------------------
                             16 ;--------------------------------------------------------
                             17 ; ram data
                             18 ;--------------------------------------------------------
                             19 	.area _DATA
                             20 ;--------------------------------------------------------
                             21 ; absolute external ram data
                             22 ;--------------------------------------------------------
                             23 	.area _DABS (ABS)
                             24 ;--------------------------------------------------------
                             25 ; global & static initialisations
                             26 ;--------------------------------------------------------
                             27 	.area _HOME
                             28 	.area _GSINIT
                             29 	.area _GSFINAL
                             30 	.area _GSINIT
                             31 ;--------------------------------------------------------
                             32 ; Home
                             33 ;--------------------------------------------------------
                             34 	.area _HOME
                             35 	.area _HOME
                             36 ;--------------------------------------------------------
                             37 ; code
                             38 ;--------------------------------------------------------
                             39 	.area _CODE
                             40 ;test.c:5: int main() { 
                             41 ;	---------------------------------
                             42 ; Function main
                             43 ; ---------------------------------
   0000                      44 _main::
                             45 ;test.c:6: gprint("Alaric's sound tests");
   0000 21r2Er00             46 	ld	hl, #___str_0
   0003 E5                   47 	push	hl
   0004 CDr00r00             48 	call	_gprint
   0007 E8 02                49 	add	sp, #2
                             50 ;test.c:8: NR52_REG = 0x80u;
   0009 21 26 FF             51 	ld	hl, #0xff26
   000C 36 80                52 	ld	(hl), #0x80
                             53 ;test.c:9: NR50_REG = 0x77u;
   000E 2E 24                54 	ld	l, #0x24
   0010 36 77                55 	ld	(hl), #0x77
                             56 ;test.c:10: NR51_REG = 0xffu;
   0012 2E 25                57 	ld	l, #0x25
   0014 36 FF                58 	ld	(hl), #0xff
                             59 ;test.c:34: NR41_REG = 0x00u;
   0016 2E 20                60 	ld	l, #0x20
   0018 36 00                61 	ld	(hl), #0x00
                             62 ;test.c:35: NR42_REG = 0xc0u;
   001A 2E 21                63 	ld	l, #0x21
   001C 36 C0                64 	ld	(hl), #0xc0
                             65 ;test.c:36: NR43_REG = 0x18u;
   001E 2E 22                66 	ld	l, #0x22
   0020 36 18                67 	ld	(hl), #0x18
                             68 ;test.c:37: NR44_REG = 0x80u;
   0022 2E 23                69 	ld	l, #0x23
   0024 36 80                70 	ld	(hl), #0x80
                             71 ;test.c:39: NR50_REG = 0x77u;
   0026 2E 24                72 	ld	l, #0x24
   0028 36 77                73 	ld	(hl), #0x77
                             74 ;test.c:40: return 0; 
   002A 11 00 00             75 	ld	de, #0x0000
                             76 ;test.c:41: }
   002D C9                   77 	ret
   002E                      78 ___str_0:
   002E 41 6C 61 72 69 63    79 	.ascii "Alaric's sound tests"
        27 73 20 73 6F 75
        6E 64 20 74 65 73
        74 73
   0042 00                   80 	.db 0x00
                             81 	.area _CODE
                             82 	.area _CABS (ABS)
